// Jest Snapshot v1, https://goo.gl/fbAQLP

exports[`Render App Correctly 1`] = `
<div
  className="App"
>
  <button
    className="ant-btn ant-btn-primary"
    disabled={false}
    onClick={[Function]}
    type="button"
  >
    <span>
      Button
    </span>
  </button>
</div>
`;
